// Vitest Snapshot v1, https://vitest.dev/guide/snapshot.html

exports[`Map component > should generate linear asset features 1`] = `
[
  {
    "geometry": {
      "coordinates": [
        [
          2.90952,
          1.35815,
        ],
        [
          3.58275,
          2.62053,
        ],
        [
          5.40952,
          5.35815,
        ],
        [
          6.91228,
          6.35815,
        ],
        [
          7.91228,
          7.35815,
        ],
        [
          -8.53063,
          8.35815,
        ],
      ],
      "type": "LineString",
    },
    "properties": {
      "criticality": 1234,
      "id": "T043",
      "lineColor": "#7C7C7C",
      "selected": false,
      "uri": "https://www.example.com/Instruments#T043",
    },
    "type": "Feature",
  },
]
`;
